// Jest Snapshot v1, https://goo.gl/fbAQLP

exports[`TextInput Tests Multi-line TextInputs can enable text selection (Imperative) 1`] = `
{
  "Automation Tree": {},
  "Component Tree": {},
  "Visual Tree": {},
}
`;

exports[`TextInput Tests Multi-line TextInputs can enable text selection 1`] = `
{
  "Automation Tree": {},
  "Component Tree": {},
  "Visual Tree": {},
}
`;

exports[`TextInput Tests Single-line TextInputs can enable text selection (Imperative) 1`] = `
{
  "Automation Tree": {},
  "Component Tree": {},
  "Visual Tree": {},
}
`;

exports[`TextInput Tests Single-line TextInputs can enable text selection 1`] = `
{
  "Automation Tree": {},
  "Component Tree": {},
  "Visual Tree": {},
}
`;

exports[`TextInput Tests Text have cursorColor 1`] = `
{
  "Automation Tree": {},
  "Component Tree": {},
  "Visual Tree": {},
}
`;

exports[`TextInput Tests TextInput triggers onPressIn and updates state text 1`] = `
{
  "Automation Tree": {},
  "Component Tree": {},
  "Visual Tree": {},
}
`;

exports[`TextInput Tests TextInputs can autocapitalize: Autocapitalize Characters 1`] = `
{
  "Automation Tree": {},
  "Component Tree": {},
  "Visual Tree": {},
}
`;

exports[`TextInput Tests TextInputs can autocapitalize: Autocapitalize Turned Off 1`] = `
{
  "Automation Tree": {},
  "Component Tree": {},
  "Visual Tree": {},
}
`;

exports[`TextInput Tests TextInputs can autocomplete, address country 1`] = `
{
  "Automation Tree": {},
  "Component Tree": {},
  "Visual Tree": {},
}
`;

exports[`TextInput Tests TextInputs can autocomplete, country 1`] = `
{
  "Automation Tree": {},
  "Component Tree": {},
  "Visual Tree": {},
}
`;

exports[`TextInput Tests TextInputs can autocomplete, one-time-code 1`] = `
{
  "Automation Tree": {},
  "Component Tree": {},
  "Visual Tree": {},
}
`;

exports[`TextInput Tests TextInputs can autocomplete, sms-otp 1`] = `
{
  "Automation Tree": {},
  "Component Tree": {},
  "Visual Tree": {},
}
`;

exports[`TextInput Tests TextInputs can autogrow 1`] = `
{
  "Automation Tree": {},
  "Component Tree": {},
  "Visual Tree": {},
}
`;

exports[`TextInput Tests TextInputs can be defined as a set using accessibilityPosInSet and accessibilitySetSize 1`] = `
{
  "Automation Tree": {},
  "Component Tree": {},
  "Visual Tree": {},
}
`;

exports[`TextInput Tests TextInputs can be editable 1`] = `
{
  "Automation Tree": {},
  "Component Tree": {},
  "Visual Tree": {},
}
`;

exports[`TextInput Tests TextInputs can be multiline, bottomright alignment 1`] = `
{
  "Automation Tree": {},
  "Component Tree": {},
  "Visual Tree": {},
}
`;

exports[`TextInput Tests TextInputs can be multiline, center alignment 1`] = `
{
  "Automation Tree": {},
  "Component Tree": {},
  "Visual Tree": {},
}
`;

exports[`TextInput Tests TextInputs can be multiline, topleft alignment 1`] = `
{
  "Automation Tree": {},
  "Component Tree": {},
  "Visual Tree": {},
}
`;

exports[`TextInput Tests TextInputs can be set to not editable 1`] = `
{
  "Automation Tree": {},
  "Component Tree": {},
  "Visual Tree": {},
}
`;

exports[`TextInput Tests TextInputs can be set to not editable 2 1`] = `
{
  "Automation Tree": {},
  "Component Tree": {},
  "Visual Tree": {},
}
`;

exports[`TextInput Tests TextInputs can clear on submit 1`] = `
{
  "Automation Tree": {},
  "Component Tree": {},
  "Visual Tree": {},
}
`;

exports[`TextInput Tests TextInputs can clear on submit with custom submit key event (Shift + Enter), multi-line 1`] = `
{
  "Automation Tree": {},
  "Component Tree": {},
  "Visual Tree": {},
}
`;

exports[`TextInput Tests TextInputs can clear on submit with custom submit key event (Shift + Enter), single-line 1`] = `
{
  "Automation Tree": {},
  "Component Tree": {},
  "Visual Tree": {},
}
`;

exports[`TextInput Tests TextInputs can customize its padding 1`] = `
{
  "Automation Tree": {},
  "Component Tree": {},
  "Visual Tree": {},
}
`;

exports[`TextInput Tests TextInputs can enable spellcheck 1`] = `
{
  "Automation Tree": {},
  "Component Tree": {},
  "Visual Tree": {},
}
`;

exports[`TextInput Tests TextInputs can have a background color 1`] = `
{
  "Automation Tree": {},
  "Component Tree": {},
  "Visual Tree": {},
}
`;

exports[`TextInput Tests TextInputs can have a color 1`] = `
{
  "Automation Tree": {},
  "Component Tree": {},
  "Visual Tree": {},
}
`;

exports[`TextInput Tests TextInputs can have a font family 1`] = `
{
  "Automation Tree": {},
  "Component Tree": {},
  "Visual Tree": {},
}
`;

exports[`TextInput Tests TextInputs can have a font size 1`] = `
{
  "Automation Tree": {},
  "Component Tree": {},
  "Visual Tree": {},
}
`;

exports[`TextInput Tests TextInputs can have a font style 1`] = `
{
  "Automation Tree": {},
  "Component Tree": {},
  "Visual Tree": {},
}
`;

exports[`TextInput Tests TextInputs can have a font weight 1`] = `
{
  "Automation Tree": {},
  "Component Tree": {},
  "Visual Tree": {},
}
`;

exports[`TextInput Tests TextInputs can have attributed text 1`] = `
{
  "Automation Tree": {},
  "Component Tree": {},
  "Visual Tree": {},
}
`;

exports[`TextInput Tests TextInputs can have caretHidden 1`] = `
{
  "Automation Tree": {},
  "Component Tree": {},
  "Visual Tree": {},
}
`;

exports[`TextInput Tests TextInputs can have custom return key label, Compile 1`] = `
{
  "Automation Tree": {},
  "Component Tree": {},
  "Visual Tree": {},
}
`;

exports[`TextInput Tests TextInputs can have custom return key label, React Native 1`] = `
{
  "Automation Tree": {},
  "Component Tree": {},
  "Visual Tree": {},
}
`;

exports[`TextInput Tests TextInputs can have custom return key type, done 1`] = `
{
  "Automation Tree": {},
  "Component Tree": {},
  "Visual Tree": {},
}
`;

exports[`TextInput Tests TextInputs can have custom return key type, go 1`] = `
{
  "Automation Tree": {},
  "Component Tree": {},
  "Visual Tree": {},
}
`;

exports[`TextInput Tests TextInputs can have custom return key type, next 1`] = `
{
  "Automation Tree": {},
  "Component Tree": {},
  "Visual Tree": {},
}
`;

exports[`TextInput Tests TextInputs can have custom return key type, none 1`] = `
{
  "Automation Tree": {},
  "Component Tree": {},
  "Visual Tree": {},
}
`;

exports[`TextInput Tests TextInputs can have custom return key type, previous 1`] = `
{
  "Automation Tree": {},
  "Component Tree": {},
  "Visual Tree": {},
}
`;

exports[`TextInput Tests TextInputs can have custom return key type, search 1`] = `
{
  "Automation Tree": {},
  "Component Tree": {},
  "Visual Tree": {},
}
`;

exports[`TextInput Tests TextInputs can have custom return key type, send 1`] = `
{
  "Automation Tree": {},
  "Component Tree": {},
  "Visual Tree": {},
}
`;

exports[`TextInput Tests TextInputs can have customer letter spacing, spacing=-1 1`] = `
{
  "Automation Tree": {},
  "Component Tree": {},
  "Visual Tree": {},
}
`;

exports[`TextInput Tests TextInputs can have customer letter spacing, spacing=0 1`] = `
{
  "Automation Tree": {},
  "Component Tree": {},
  "Visual Tree": {},
}
`;

exports[`TextInput Tests TextInputs can have customer letter spacing, spacing=2 1`] = `
{
  "Automation Tree": {},
  "Component Tree": {},
  "Visual Tree": {},
}
`;

exports[`TextInput Tests TextInputs can have customer letter spacing, spacing=9 1`] = `
{
  "Automation Tree": {},
  "Component Tree": {},
  "Visual Tree": {},
}
`;

exports[`TextInput Tests TextInputs can have customized font weight, 100 1`] = `
{
  "Automation Tree": {},
  "Component Tree": {},
  "Visual Tree": {},
}
`;

exports[`TextInput Tests TextInputs can have customized font weight, 200 1`] = `
{
  "Automation Tree": {},
  "Component Tree": {},
  "Visual Tree": {},
}
`;

exports[`TextInput Tests TextInputs can have customized font weight, 300 1`] = `
{
  "Automation Tree": {},
  "Component Tree": {},
  "Visual Tree": {},
}
`;

exports[`TextInput Tests TextInputs can have customized font weight, 400 1`] = `
{
  "Automation Tree": {},
  "Component Tree": {},
  "Visual Tree": {},
}
`;

exports[`TextInput Tests TextInputs can have customized font weight, 500 1`] = `
{
  "Automation Tree": {},
  "Component Tree": {},
  "Visual Tree": {},
}
`;

exports[`TextInput Tests TextInputs can have customized font weight, 600 1`] = `
{
  "Automation Tree": {},
  "Component Tree": {},
  "Visual Tree": {},
}
`;

exports[`TextInput Tests TextInputs can have customized font weight, 700 1`] = `
{
  "Automation Tree": {},
  "Component Tree": {},
  "Visual Tree": {},
}
`;

exports[`TextInput Tests TextInputs can have customized font weight, 800 1`] = `
{
  "Automation Tree": {},
  "Component Tree": {},
  "Visual Tree": {},
}
`;

exports[`TextInput Tests TextInputs can have customized font weight, 900 1`] = `
{
  "Automation Tree": {},
  "Component Tree": {},
  "Visual Tree": {},
}
`;

exports[`TextInput Tests TextInputs can have customized font weight, bold 1`] = `
{
  "Automation Tree": {},
  "Component Tree": {},
  "Visual Tree": {},
}
`;

exports[`TextInput Tests TextInputs can have customized font weight, default 1`] = `
{
  "Automation Tree": {},
  "Component Tree": {},
  "Visual Tree": {},
}
`;

exports[`TextInput Tests TextInputs can have customized font weight, normal 1`] = `
{
  "Automation Tree": {},
  "Component Tree": {},
  "Visual Tree": {},
}
`;

exports[`TextInput Tests TextInputs can have customized letter spacing 1`] = `
{
  "Automation Tree": {},
  "Component Tree": {},
  "Visual Tree": {},
}
`;

exports[`TextInput Tests TextInputs can have customized line height 1`] = `
{
  "Automation Tree": {},
  "Component Tree": {},
  "Visual Tree": {},
}
`;

exports[`TextInput Tests TextInputs can have inline images 1`] = `
{
  "Automation Tree": {},
  "Component Tree": {},
  "Visual Tree": {},
}
`;

exports[`TextInput Tests TextInputs can have inline images, drawable props not set 1`] = `
{
  "Automation Tree": {},
  "Component Tree": {},
  "Visual Tree": {},
}
`;

exports[`TextInput Tests TextInputs can have inline images, drawableLeft and drawablePadding set 1`] = `
{
  "Automation Tree": {},
  "Component Tree": {},
  "Visual Tree": {},
}
`;

exports[`TextInput Tests TextInputs can have shadows 1`] = `
{
  "Automation Tree": {},
  "Component Tree": {},
  "Visual Tree": {},
}
`;

exports[`TextInput Tests TextInputs can have text decoration lines 1`] = `
{
  "Automation Tree": {},
  "Component Tree": {},
  "Visual Tree": {},
}
`;

exports[`TextInput Tests TextInputs can have text shadows 1`] = `
{
  "Automation Tree": {},
  "Component Tree": {},
  "Visual Tree": {},
}
`;

exports[`TextInput Tests TextInputs can propagate events 1`] = `
{
  "Automation Tree": {},
  "Component Tree": {},
  "Visual Tree": {},
}
`;

exports[`TextInput Tests TextInputs can register press events 1`] = `
{
  "Automation Tree": {},
  "Component Tree": {},
  "Visual Tree": {},
}
`;

exports[`TextInput Tests TextInputs can rewrite characters: Replace Space with Clear 1`] = `
{
  "Automation Tree": {},
  "Component Tree": {},
  "Visual Tree": {},
}
`;

exports[`TextInput Tests TextInputs can rewrite characters: Replace Space with No Character 1`] = `
{
  "Automation Tree": {},
  "Component Tree": {},
  "Visual Tree": {},
}
`;

exports[`TextInput Tests TextInputs can rewrite characters: Replace Space with Underscore 1`] = `
{
  "Automation Tree": {},
  "Component Tree": {},
  "Visual Tree": {},
}
`;

exports[`TextInput Tests TextInputs can select text on focus 1`] = `
{
  "Automation Tree": {},
  "Component Tree": {},
  "Visual Tree": {},
}
`;

exports[`TextInput Tests TextInputs can set their readOnly prop to false 1`] = `
{
  "Automation Tree": {},
  "Component Tree": {},
  "Visual Tree": {},
}
`;

exports[`TextInput Tests TextInputs can set their readOnly prop to true 1`] = `
{
  "Automation Tree": {},
  "Component Tree": {},
  "Visual Tree": {},
}
`;

exports[`TextInput Tests TextInputs can submit with custom key, multilined and submit with enter 1`] = `
{
  "Automation Tree": {},
  "Component Tree": {},
  "Visual Tree": {},
}
`;

exports[`TextInput Tests TextInputs have a custom background color 1`] = `
{
  "Automation Tree": {},
  "Component Tree": {},
  "Visual Tree": {},
}
`;

exports[`TextInput Tests TextInputs have a custom highlight color 1`] = `
{
  "Automation Tree": {},
  "Component Tree": {},
  "Visual Tree": {},
}
`;

exports[`TextInput Tests TextInputs have a custom placeholder text color 1`] = `
{
  "Automation Tree": {},
  "Component Tree": {},
  "Visual Tree": {},
}
`;

exports[`TextInput Tests TextInputs have a custom text color 1`] = `
{
  "Automation Tree": {},
  "Component Tree": {},
  "Visual Tree": {},
}
`;

exports[`TextInput Tests TextInputs have a custom underline color 1`] = `
{
  "Automation Tree": {},
  "Component Tree": {},
  "Visual Tree": {},
}
`;

exports[`TextInput Tests TextInputs have a default placeholder text color 1`] = `
{
  "Automation Tree": {},
  "Component Tree": {},
  "Visual Tree": {},
}
`;

exports[`TextInput Tests TextInputs have a default text color 1`] = `
{
  "Automation Tree": {},
  "Component Tree": {},
  "Visual Tree": {},
}
`;

exports[`TextInput Tests TextInputs have a default underline color 1`] = `
{
  "Automation Tree": {},
  "Component Tree": {},
  "Visual Tree": {},
}
`;

exports[`TextInput Tests TextInputs support secure entry 1`] = `
{
  "Automation Tree": {},
  "Component Tree": {},
  "Visual Tree": {},
}
`;

exports[`TextInput Tests TextInputs support secure entry, with placeholder text 1`] = `
{
  "Automation Tree": {},
  "Component Tree": {},
  "Visual Tree": {},
}
`;

exports[`TextInput Tests TextInputs which have a searchbox role should also support the value pattern. 1`] = `
{
  "Automation Tree": {},
  "Component Tree": {},
  "Visual Tree": {},
}
`;

exports[`TextInput Tests TextInputs with set height and padding from theme 1`] = `
{
  "Automation Tree": {},
  "Component Tree": {},
  "Visual Tree": {},
}
`;

exports[`TextInput Tests Uncontrolled TextInput 1`] = `
{
  "Automation Tree": {},
  "Component Tree": {},
  "Visual Tree": {},
}
`;
